// Jest Snapshot v1, https://goo.gl/fbAQLP

exports[`Atoms/Flex should render snapshot 1`] = `null`;
