// Jest Snapshot v1, https://goo.gl/fbAQLP

exports[`Atoms/Icon should render snapshot 1`] = `null`;
