// Jest Snapshot v1, https://goo.gl/fbAQLP

exports[`Atoms/Fab should render snapshot 1`] = `null`;
