// Jest Snapshot v1, https://goo.gl/fbAQLP

exports[`Atoms/Stack should render snapshot 1`] = `null`;
