// Jest Snapshot v1, https://goo.gl/fbAQLP

exports[`Atoms/FlatList render component #List_FlatList 1`] = `
<RNCSafeAreaProvider
  onInsetsChange={[Function]}
  style={
    [
      {
        "flex": 1,
      },
      undefined,
    ]
  }
>
  <RCTScrollView
    accessible={false}
    contentContainerStyle={
      [
        {},
        {
          "dataSet": {},
        },
        {},
      ]
    }
    dataSet={{}}
    getItem={[Function]}
    getItemCount={[Function]}
    keyExtractor={[Function]}
    onContentSizeChange={[Function]}
    onLayout={[Function]}
    onMomentumScrollBegin={[Function]}
    onMomentumScrollEnd={[Function]}
    onScroll={[Function]}
    onScrollBeginDrag={[Function]}
    onScrollEndDrag={[Function]}
    removeClippedSubviews={false}
    renderItem={[Function]}
    scrollEventThrottle={50}
    stickyHeaderIndices={[]}
    style={{}}
    testID="List_FlatList"
    viewabilityConfigCallbackPairs={[]}
  >
    <View />
  </RCTScrollView>
</RNCSafeAreaProvider>
`;
