// Jest Snapshot v1, https://goo.gl/fbAQLP

exports[`Atoms/TextArea should render snapshot 1`] = `null`;
