// Jest Snapshot v1, https://goo.gl/fbAQLP

exports[`Atoms/Spinner should render snapshot 1`] = `null`;
