// Jest Snapshot v1, https://goo.gl/fbAQLP

exports[`Atoms/Slider should render snapshot 1`] = `null`;
