// Jest Snapshot v1, https://goo.gl/fbAQLP

exports[`Atoms/Badge should render snapshot 1`] = `null`;
