// Jest Snapshot v1, https://goo.gl/fbAQLP

exports[`Atoms/Center render component #View_Center 1`] = `
<RNCSafeAreaProvider
  onInsetsChange={[Function]}
  style={
    [
      {
        "flex": 1,
      },
      undefined,
    ]
  }
>
  <View
    accessible={false}
    dataSet={{}}
    style={
      {
        "alignItems": "center",
        "display": "flex",
        "justifyContent": "center",
      }
    }
    testID="View_Center"
  />
</RNCSafeAreaProvider>
`;
