// Jest Snapshot v1, https://goo.gl/fbAQLP

exports[`Atoms/Checkbox should render snapshot 1`] = `null`;
