// Jest Snapshot v1, https://goo.gl/fbAQLP

exports[`Atoms/ZStack should render snapshot 1`] = `null`;
