// Jest Snapshot v1, https://goo.gl/fbAQLP

exports[`Atoms/HStack should render snapshot 1`] = `null`;
