// Jest Snapshot v1, https://goo.gl/fbAQLP

exports[`Atoms/Chips should press on #Pressable_Chip 1`] = `
<RNCSafeAreaProvider
  onInsetsChange={[Function]}
  style={
    [
      {
        "flex": 1,
      },
      undefined,
    ]
  }
>
  <View
    accessible={false}
    collapsable={false}
    dataSet={{}}
    focusable={true}
    onBlur={[Function]}
    onClick={[Function]}
    onFocus={[Function]}
    onHoverIn={[Function]}
    onHoverOut={[Function]}
    onResponderGrant={[Function]}
    onResponderMove={[Function]}
    onResponderRelease={[Function]}
    onResponderTerminate={[Function]}
    onResponderTerminationRequest={[Function]}
    onStartShouldSetResponder={[Function]}
    style={
      {
        "alignItems": "center",
        "alignSelf": "flex-start",
        "backgroundColor": "#FFFFFF",
        "borderColor": "#FE35F1",
        "borderRadius": 50,
        "borderWidth": 1,
        "paddingBottom": 8,
        "paddingLeft": 16,
        "paddingRight": 16,
        "paddingTop": 8,
      }
    }
    testID="Pressable_Chip"
  >
    <Text
      accessible={false}
      dataSet={{}}
      style={
        {
          "backgroundColor": undefined,
          "color": "#171717",
          "fontFamily": "Quicksand-Regular",
          "fontSize": 14,
          "fontStyle": undefined,
          "fontWeight": undefined,
          "letterSpacing": 0.25,
          "lineHeight": 17.5,
          "textDecorationLine": undefined,
        }
      }
      testID="Text_Chip"
    >
      Banana
    </Text>
  </View>
</RNCSafeAreaProvider>
`;

exports[`Atoms/Chips should text on #Text_Chip 1`] = `
<RNCSafeAreaProvider
  onInsetsChange={[Function]}
  style={
    [
      {
        "flex": 1,
      },
      undefined,
    ]
  }
>
  <View
    accessible={false}
    collapsable={false}
    dataSet={{}}
    focusable={true}
    onBlur={[Function]}
    onClick={[Function]}
    onFocus={[Function]}
    onHoverIn={[Function]}
    onHoverOut={[Function]}
    onResponderGrant={[Function]}
    onResponderMove={[Function]}
    onResponderRelease={[Function]}
    onResponderTerminate={[Function]}
    onResponderTerminationRequest={[Function]}
    onStartShouldSetResponder={[Function]}
    style={
      {
        "alignItems": "center",
        "alignSelf": "flex-start",
        "backgroundColor": "#FFFFFF",
        "borderColor": "#FE35F1",
        "borderRadius": 50,
        "borderWidth": 1,
        "paddingBottom": 8,
        "paddingLeft": 16,
        "paddingRight": 16,
        "paddingTop": 8,
      }
    }
    testID="Pressable_Chip"
  >
    <Text
      accessible={false}
      dataSet={{}}
      style={
        {
          "backgroundColor": undefined,
          "color": "#171717",
          "fontFamily": "Quicksand-Regular",
          "fontSize": 14,
          "fontStyle": undefined,
          "fontWeight": undefined,
          "letterSpacing": 0.25,
          "lineHeight": 17.5,
          "textDecorationLine": undefined,
        }
      }
      testID="Text_Chip"
    >
      Banana
    </Text>
  </View>
</RNCSafeAreaProvider>
`;
