// Jest Snapshot v1, https://goo.gl/fbAQLP

exports[`Atoms/Text should render snapshot 1`] = `null`;
