// Jest Snapshot v1, https://goo.gl/fbAQLP

exports[`Atoms/Switch should render snapshot 1`] = `null`;
