// Jest Snapshot v1, https://goo.gl/fbAQLP

exports[`Atoms/Heading should render snapshot 1`] = `null`;
