// Jest Snapshot v1, https://goo.gl/fbAQLP

exports[`Atoms/Container should render snapshot 1`] = `null`;
