// Jest Snapshot v1, https://goo.gl/fbAQLP

exports[`Atoms/Box should render snapshot 1`] = `null`;
