// Jest Snapshot v1, https://goo.gl/fbAQLP

exports[`Atoms/Image should render snapshot 1`] = `null`;
