// Jest Snapshot v1, https://goo.gl/fbAQLP

exports[`Atoms/Divider should render snapshot 1`] = `null`;
