// Jest Snapshot v1, https://goo.gl/fbAQLP

exports[`Atoms/IconButton render component #Button_IconButton 1`] = `
<RNCSafeAreaProvider
  onInsetsChange={[Function]}
  style={
    [
      {
        "flex": 1,
      },
      undefined,
    ]
  }
>
  <View
    accessibilityLabel="IconButton"
    accessibilityRole="button"
    accessible={false}
    collapsable={false}
    colorScheme="primary"
    dataSet={{}}
    focusable={true}
    onBlur={[Function]}
    onClick={[Function]}
    onFocus={[Function]}
    onHoverIn={[Function]}
    onHoverOut={[Function]}
    onResponderGrant={[Function]}
    onResponderMove={[Function]}
    onResponderRelease={[Function]}
    onResponderTerminate={[Function]}
    onResponderTerminationRequest={[Function]}
    onStartShouldSetResponder={[Function]}
    style={
      {
        "alignItems": "center",
        "backgroundColor": "transparent",
        "borderColor": "transparent",
        "borderRadius": 9999,
        "borderWidth": 1,
        "flexDirection": "row",
        "justifyContent": "center",
        "paddingBottom": 10,
        "paddingLeft": 12,
        "paddingRight": 12,
        "paddingTop": 10,
      }
    }
    testID="Button_IconButton"
  >
    <View
      dataSet={{}}
      style={
        {
          "alignItems": "center",
          "flexDirection": "row",
        }
      }
      test={true}
    >
      <View
        dataSet={{}}
        style={{}}
      >
        <View
          accessible={false}
          testID="Image_Icon"
        />
      </View>
    </View>
  </View>
</RNCSafeAreaProvider>
`;
